Packed 2.0 3.0 4 5 6.0 7
Packed 3.0 4.0 5 6 7.0 8
Packed 2.0 3.0 4 5 6.0 7
Packed 3.0 4.0 5 6 7.0 8
Packed 2.0 3.0 4 5 6.0 7
Packed 3.0 4.0 5 6 7.0 8
Packed 2.0 3.0 4 5 6.0 7
Packed 3.0 4.0 5 6 7.0 8
